cargo :    Compiling agentguard-daemon v0.1.0 (C:\Users\omkde\AgentGuard\crates\agentguard-daemon)
En línea: 1 Carácter: 31
+ ... AgentGuard; cargo build -p agentguard-daemon 2>&1 > errors.txt; Get-C ...
+                 ~~~~~~~~~~~~~~~~~~~~~~~~~~~~~~~~~~~~~~~~~~~~~~~~~~
    + CategoryInfo          : NotSpecified: (   Compiling ag...ntguard-daemon):String) [], RemoteException
    + FullyQualifiedErrorId : NativeCommandError
 
error[E0308]: `match` arms have incompatible types
   --> crates\agentguard-daemon\src\handler.rs:175:25
    |
173 |               let decision = match evaluate_manifest_dry_run(&path, &file_op)? {
    |  ____________________________-
174 | |                 Some(d) => d,
    | |                            - this is found to be of type `PolicyDecision`
175 | |                 None => state.evaluate_access_dry_run(&path, &file_op),
    | |                         ^^^^^^^^^^^^^^^^^^^^^^^^^^^^^^^^^^^^^^^^^^^^^^ expected `PolicyDecision`, found 
`Result<PolicyDecision, GuardError>`
176 | |             };
    | |_____________- `match` arms have incompatible types
    |
    = note: expected enum `PolicyDecision`
               found enum `Result<PolicyDecision, GuardError>`
help: use the `?` operator to extract the `Result<PolicyDecision, GuardError>` value, propagating a `Result::Err` 
value to the caller
    |
175 |                 None => state.evaluate_access_dry_run(&path, &file_op)?,
    |                                                                       +

error[E0277]: `()` doesn't implement `std::fmt::Display`
   --> crates\agentguard-daemon\src\handler.rs:311:86
    |
311 |                 &format!("Agent rule added: [{agent_image}] [{bucket}] {pattern} (id={id})"),
    |                                                                                      ^^^^ `()` cannot be 
formatted with the default formatter
    |
    = help: the trait `std::fmt::Display` is not implemented for `()`
    = note: in format strings you may be able to use `{:?}` (or {:#?} for pretty-print) instead

error[E0277]: `?` couldn't convert the error to `GuardError`
  --> crates\agentguard-daemon\src\orchestrator.rs:65:213
   |
65 | ...t(&p).cloned().ok_or_else(|| Err(agentguard_core::GuardError::IpcError("project not registered".into())))?; 
entry.enforcer.read()...
   |                   ------------------------------------------------------------------------------------------^ the 
trait `From<Result<_, GuardError>>` is not implemented for `GuardError`
   |                   |
   |                   this can't be annotated with `?` because it has type `Result<_, Result<_, GuardError>>`
   |
   = note: the question mark operation (`?`) implicitly performs a conversion on the error value using the `From` trait
help: the trait `From<Result<_, GuardError>>` is not implemented for `GuardError`
      but trait `From<std::io::Error>` is implemented for it
  --> crates\agentguard-core\src\error.rs:69:10
   |
69 |     Io(#[from] std::io::Error),
   |          ^^^^
   = help: for that trait implementation, expected `std::io::Error`, found `Result<_, GuardError>`

error[E0308]: mismatched types
   --> crates\agentguard-daemon\src\orchestrator.rs:86:131
    |
 86 | ... -> GuardResult<()> { self.store.insert_agent_rule(img, bucket, pattern)?; rebuild_agent(self, img)?; Ok(()) }
    |                                     -----------------      ^^^^^^ expected `&str`, found `Bucket`
    |                                     |
    |                                     arguments to this method are incorrect
    |
note: method defined here
   --> crates\agentguard-store\src\queries.rs:544:12
    |
544 |     pub fn insert_agent_rule(
    |            ^^^^^^^^^^^^^^^^^

error[E0308]: arguments to this method are incorrect
   --> crates\agentguard-daemon\src\orchestrator.rs:98:42
    |
 98 |         if remember { let _ = self.store.insert_ask_decision(&ask.file_path, allowed, None); }
    |                                          ^^^^^^^^^^^^^^^^^^^                 ------- expected `&str`, found 
`bool`
    |
note: expected `i64`, found `Option<_>`
   --> crates\agentguard-daemon\src\orchestrator.rs:98:87
    |
 98 |         if remember { let _ = self.store.insert_ask_decision(&ask.file_path, allowed, None); }
    |                                                                                       ^^^^
    = note: expected type `i64`
               found enum `Option<_>`
note: method defined here
   --> crates\agentguard-store\src\queries.rs:521:12
    |
521 |     pub fn insert_ask_decision(
    |            ^^^^^^^^^^^^^^^^^^^

error[E0308]: mismatched types
   --> crates\agentguard-daemon\src\orchestrator.rs:125:60
    |
125 |         let et = self.store.count_events_today().unwrap_or(0);
    |                                                  --------- ^ expected `(u64, u64)`, found integer
    |                                                  |
    |                                                  arguments to this method are incorrect
    |
    = note: expected tuple `(u64, u64)`
                found type `{integer}`
help: the return type of this call is `{integer}` due to the type of the argument passed
   --> crates\agentguard-daemon\src\orchestrator.rs:125:18
    |
125 |         let et = self.store.count_events_today().unwrap_or(0);
    |                  ^^^^^^^^^^^^^^^^^^^^^^^^^^^^^^^^^^^^^^^^^^-^
    |                                                            |
    |                                                            this argument influences the return type of 
`unwrap_or`
note: method defined here
   --> /rustc/59807616e1fa2540724bfbac14d7976d7e4a3860/library\core\src\result.rs:1590:17

error[E0308]: mismatched types
   --> crates\agentguard-daemon\src\orchestrator.rs:126:83
    |
126 | ...   self.emit(IpcResponse::Event(StreamingEvent::StatusUpdate { events_today: et, blocks_today: 0, 
active_agents_count: self.trac...
    |                                                                                 ^^ expected `u64`, found `(u64, 
u64)`
    |
    = note: expected type `u64`
              found tuple `(u64, u64)`

error[E0308]: mismatched types
   --> crates\agentguard-daemon\src\orchestrator.rs:146:78
    |
146 |     for r in &rules { let pat = expand(r.pattern.as_str()); match r.bucket { 
Bucket::Deny=>m.deny.files.push(pat), _=>{} } }
    |                                                                   --------   ^^^^^^^^^^^^ expected `String`, 
found `Bucket`
    |                                                                   |
    |                                                                   this expression has type `String`

error[E0308]: mismatched types
   --> crates\agentguard-daemon\src\orchestrator.rs:150:112
    |
150 | ...else(|e| e.into_inner()) { let (d,_)=c.evaluate(p,*op); return (d,PolicySource::Global); }
    |                                           --------   ^^^ expected `&FileOp`, found `FileOp`
    |                                           |
    |                                           arguments to this method are incorrect
    |
note: method defined here
   --> crates\agentguard-manifest\src\compiled.rs:48:12
    |
 48 |     pub fn evaluate(&self, abs_path: &Path, op: &FileOp) -> (PolicyDecision, PolicySource) {
    |            ^^^^^^^^
help: consider removing deref here
    |
150 -     if let Some(ref c) = *s.global_manifest.read().unwrap_or_else(|e| e.into_inner()) { let 
(d,_)=c.evaluate(p,*op); return (d,PolicySource::Global); }
150 +     if let Some(ref c) = *s.global_manifest.read().unwrap_or_else(|e| e.into_inner()) { let 
(d,_)=c.evaluate(p,op); return (d,PolicySource::Global); }
    |

Some errors have detailed explanations: E0277, E0308.
For more information about an error, try `rustc --explain E0277`.
error: could not compile `agentguard-daemon` (bin "agentguard-daemon") due to 9 previous errors
